0 verbose cli C:\Program Files\nodejs\node.exe C:\Users\user\AppData\Roaming\npm\node_modules\npm\bin\npm-cli.js
1 info using npm@11.6.4
2 info using node@v22.22.0
3 silly config load:file:C:\Users\user\AppData\Roaming\npm\node_modules\npm\npmrc
4 silly config load:file:H:\WebDev\Mune\frontend\.npmrc
5 silly config load:file:C:\Users\user\.npmrc
6 silly config load:file:C:\Users\user\AppData\Roaming\npm\etc\npmrc
7 verbose title npm install motion
8 verbose argv "install" "motion"
9 verbose logfile logs-max:10 dir:H:\WebDev\Mune\frontend\.npm-cache\_logs\2026-02-07T04_14_02_619Z-
10 verbose logfile H:\WebDev\Mune\frontend\.npm-cache\_logs\2026-02-07T04_14_02_619Z-debug-0.log
11 silly logfile start cleaning logs, removing 1 files
12 silly packumentCache heap:2197815296 maxSize:549453824 maxEntrySize:274726912
13 silly logfile done cleaning log files
14 silly idealTree buildDeps
15 silly fetch manifest motion@*
16 silly packumentCache full:https://registry.npmjs.org/motion cache-miss
17 http fetch GET 200 https://registry.npmjs.org/motion 3143ms (cache miss)
18 silly packumentCache full:https://registry.npmjs.org/motion set size:undefined disposed:false
19 silly fetch manifest @emotion/is-prop-valid@*
20 silly packumentCache full:https://registry.npmjs.org/@emotion%2fis-prop-valid cache-miss
21 http fetch GET 200 https://registry.npmjs.org/@emotion%2fis-prop-valid 3743ms (cache miss)
22 silly packumentCache full:https://registry.npmjs.org/@emotion%2fis-prop-valid set size:undefined disposed:false
23 silly fetch manifest react@19.2.3
24 silly packumentCache full:https://registry.npmjs.org/react cache-miss
25 http fetch GET 200 https://registry.npmjs.org/react 6655ms (cache updated)
26 silly packumentCache full:https://registry.npmjs.org/react set size:undefined disposed:false
27 silly fetch manifest react-dom@19.2.3
28 silly packumentCache full:https://registry.npmjs.org/react-dom cache-miss
29 http fetch GET 200 https://registry.npmjs.org/react-dom 12762ms (cache updated)
30 silly packumentCache full:https://registry.npmjs.org/react-dom set size:undefined disposed:false
31 silly placeDep ROOT motion@12.33.0 OK for: frontend@0.1.0 want: *
32 silly fetch manifest framer-motion@^12.33.0
33 silly packumentCache full:https://registry.npmjs.org/framer-motion cache-miss
34 http fetch GET 200 https://registry.npmjs.org/framer-motion 3543ms (cache miss)
35 silly packumentCache full:https://registry.npmjs.org/framer-motion set size:undefined disposed:false
36 silly fetch manifest react@^18.0.0 || ^19.0.0
37 silly packumentCache full:https://registry.npmjs.org/react cache-miss
38 http cache https://registry.npmjs.org/react 935ms (cache hit)
39 silly packumentCache full:https://registry.npmjs.org/react set size:6466562 disposed:false
40 silly fetch manifest react-dom@^18.0.0 || ^19.0.0
41 silly packumentCache full:https://registry.npmjs.org/react-dom cache-miss
42 http cache https://registry.npmjs.org/react-dom 324ms (cache hit)
43 silly packumentCache full:https://registry.npmjs.org/react-dom set size:8553406 disposed:false
44 silly placeDep ROOT framer-motion@12.33.0 OK for: motion@12.33.0 want: ^12.33.0
45 silly fetch manifest motion-dom@^12.33.0
46 silly packumentCache full:https://registry.npmjs.org/motion-dom cache-miss
47 silly fetch manifest motion-utils@^12.29.2
48 silly packumentCache full:https://registry.npmjs.org/motion-utils cache-miss
49 http fetch GET 200 https://registry.npmjs.org/motion-utils 801ms (cache miss)
50 silly packumentCache full:https://registry.npmjs.org/motion-utils set size:undefined disposed:false
51 http fetch GET 200 https://registry.npmjs.org/motion-dom 826ms (cache miss)
52 silly packumentCache full:https://registry.npmjs.org/motion-dom set size:undefined disposed:false
53 silly placeDep ROOT motion-dom@12.33.0 OK for: framer-motion@12.33.0 want: ^12.33.0
54 silly placeDep ROOT motion-utils@12.29.2 OK for: framer-motion@12.33.0 want: ^12.29.2
55 silly reify moves {}
56 silly audit bulk request {
56 silly audit   '@alloc/quick-lru': [ '5.2.0' ],
56 silly audit   '@babel/code-frame': [ '7.27.1' ],
56 silly audit   '@babel/compat-data': [ '7.28.5' ],
56 silly audit   '@babel/core': [ '7.28.5' ],
56 silly audit   '@babel/generator': [ '7.28.5' ],
56 silly audit   '@babel/helper-compilation-targets': [ '7.27.2' ],
56 silly audit   '@babel/helper-globals': [ '7.28.0' ],
56 silly audit   '@babel/helper-module-imports': [ '7.27.1' ],
56 silly audit   '@babel/helper-module-transforms': [ '7.28.3' ],
56 silly audit   '@babel/helper-string-parser': [ '7.27.1' ],
56 silly audit   '@babel/helper-validator-identifier': [ '7.28.5' ],
56 silly audit   '@babel/helper-validator-option': [ '7.27.1' ],
56 silly audit   '@babel/helpers': [ '7.28.4' ],
56 silly audit   '@babel/parser': [ '7.28.5' ],
56 silly audit   '@babel/template': [ '7.27.2' ],
56 silly audit   '@babel/traverse': [ '7.28.5' ],
56 silly audit   '@babel/types': [ '7.28.5' ],
56 silly audit   '@emnapi/core': [ '1.8.1', '1.7.1' ],
56 silly audit   '@emnapi/runtime': [ '1.8.1', '1.7.1' ],
56 silly audit   '@emnapi/wasi-threads': [ '1.1.0' ],
56 silly audit   '@eslint-community/eslint-utils': [ '4.9.1' ],
56 silly audit   'eslint-visitor-keys': [ '3.4.3', '4.2.1' ],
56 silly audit   '@eslint-community/regexpp': [ '4.12.2' ],
56 silly audit   '@eslint/config-array': [ '0.21.1' ],
56 silly audit   '@eslint/config-helpers': [ '0.4.2' ],
56 silly audit   '@eslint/core': [ '0.17.0' ],
56 silly audit   '@eslint/eslintrc': [ '3.3.3' ],
56 silly audit   '@eslint/js': [ '9.39.2' ],
56 silly audit   '@eslint/object-schema': [ '2.1.7' ],
56 silly audit   '@eslint/plugin-kit': [ '0.4.1' ],
56 silly audit   '@humanfs/core': [ '0.19.1' ],
56 silly audit   '@humanfs/node': [ '0.16.7' ],
56 silly audit   '@humanwhocodes/module-importer': [ '1.0.1' ],
56 silly audit   '@humanwhocodes/retry': [ '0.4.3' ],
56 silly audit   '@img/colour': [ '1.0.0' ],
56 silly audit   '@img/sharp-darwin-arm64': [ '0.34.5' ],
56 silly audit   '@img/sharp-darwin-x64': [ '0.34.5' ],
56 silly audit   '@img/sharp-libvips-darwin-arm64': [ '1.2.4' ],
56 silly audit   '@img/sharp-libvips-darwin-x64': [ '1.2.4' ],
56 silly audit   '@img/sharp-libvips-linux-arm': [ '1.2.4' ],
56 silly audit   '@img/sharp-libvips-linux-arm64': [ '1.2.4' ],
56 silly audit   '@img/sharp-libvips-linux-ppc64': [ '1.2.4' ],
56 silly audit   '@img/sharp-libvips-linux-riscv64': [ '1.2.4' ],
56 silly audit   '@img/sharp-libvips-linux-s390x': [ '1.2.4' ],
56 silly audit   '@img/sharp-libvips-linux-x64': [ '1.2.4' ],
56 silly audit   '@img/sharp-libvips-linuxmusl-arm64': [ '1.2.4' ],
56 silly audit   '@img/sharp-libvips-linuxmusl-x64': [ '1.2.4' ],
56 silly audit   '@img/sharp-linux-arm': [ '0.34.5' ],
56 silly audit   '@img/sharp-linux-arm64': [ '0.34.5' ],
56 silly audit   '@img/sharp-linux-ppc64': [ '0.34.5' ],
56 silly audit   '@img/sharp-linux-riscv64': [ '0.34.5' ],
56 silly audit   '@img/sharp-linux-s390x': [ '0.34.5' ],
56 silly audit   '@img/sharp-linux-x64': [ '0.34.5' ],
56 silly audit   '@img/sharp-linuxmusl-arm64': [ '0.34.5' ],
56 silly audit   '@img/sharp-linuxmusl-x64': [ '0.34.5' ],
56 silly audit   '@img/sharp-wasm32': [ '0.34.5' ],
56 silly audit   '@img/sharp-win32-arm64': [ '0.34.5' ],
56 silly audit   '@img/sharp-win32-ia32': [ '0.34.5' ],
56 silly audit   '@img/sharp-win32-x64': [ '0.34.5' ],
56 silly audit   '@jridgewell/gen-mapping': [ '0.3.13' ],
56 silly audit   '@jridgewell/remapping': [ '2.3.5' ],
56 silly audit   '@jridgewell/resolve-uri': [ '3.1.2' ],
56 silly audit   '@jridgewell/sourcemap-codec': [ '1.5.5' ],
56 silly audit   '@jridgewell/trace-mapping': [ '0.3.31' ],
56 silly audit   '@napi-rs/wasm-runtime': [ '0.2.12', '1.1.0' ],
56 silly audit   '@next/env': [ '16.1.1' ],
56 silly audit   '@next/eslint-plugin-next': [ '16.1.1' ],
56 silly audit   '@next/swc-darwin-arm64': [ '16.1.1' ],
56 silly audit   '@next/swc-darwin-x64': [ '16.1.1' ],
56 silly audit   '@next/swc-linux-arm64-gnu': [ '16.1.1' ],
56 silly audit   '@next/swc-linux-arm64-musl': [ '16.1.1' ],
56 silly audit   '@next/swc-linux-x64-gnu': [ '16.1.1' ],
56 silly audit   '@next/swc-linux-x64-musl': [ '16.1.1' ],
56 silly audit   '@next/swc-win32-arm64-msvc': [ '16.1.1' ],
56 silly audit   '@next/swc-win32-x64-msvc': [ '16.1.1' ],
56 silly audit   '@nodelib/fs.scandir': [ '2.1.5' ],
56 silly audit   '@nodelib/fs.stat': [ '2.0.5' ],
56 silly audit   '@nodelib/fs.walk': [ '1.2.8' ],
56 silly audit   '@nolyfill/is-core-module': [ '1.0.39' ],
56 silly audit   '@rtsao/scc': [ '1.1.0' ],
56 silly audit   '@swc/helpers': [ '0.5.15' ],
56 silly audit   '@tailwindcss/node': [ '4.1.18' ],
56 silly audit   '@tailwindcss/oxide': [ '4.1.18' ],
56 silly audit   '@tailwindcss/oxide-android-arm64': [ '4.1.18' ],
56 silly audit   '@tailwindcss/oxide-darwin-arm64': [ '4.1.18' ],
56 silly audit   '@tailwindcss/oxide-darwin-x64': [ '4.1.18' ],
56 silly audit   '@tailwindcss/oxide-freebsd-x64': [ '4.1.18' ],
56 silly audit   '@tailwindcss/oxide-linux-arm-gnueabihf': [ '4.1.18' ],
56 silly audit   '@tailwindcss/oxide-linux-arm64-gnu': [ '4.1.18' ],
56 silly audit   '@tailwindcss/oxide-linux-arm64-musl': [ '4.1.18' ],
56 silly audit   '@tailwindcss/oxide-linux-x64-gnu': [ '4.1.18' ],
56 silly audit   '@tailwindcss/oxide-linux-x64-musl': [ '4.1.18' ],
56 silly audit   '@tailwindcss/oxide-wasm32-wasi': [ '4.1.18' ],
56 silly audit   '@tybys/wasm-util': [ '0.10.1' ],
56 silly audit   tslib: [ '2.8.1' ],
56 silly audit   '@tailwindcss/oxide-win32-arm64-msvc': [ '4.1.18' ],
56 silly audit   '@tailwindcss/oxide-win32-x64-msvc': [ '4.1.18' ],
56 silly audit   '@tailwindcss/postcss': [ '4.1.18' ],
56 silly audit   '@types/estree': [ '1.0.8' ],
56 silly audit   '@types/json-schema': [ '7.0.15' ],
56 silly audit   '@types/json5': [ '0.0.29' ],
56 silly audit   '@types/node': [ '20.19.28' ],
56 silly audit   '@types/react': [ '19.2.8' ],
56 silly audit   '@types/react-dom': [ '19.2.3' ],
56 silly audit   '@typescript-eslint/eslint-plugin': [ '8.52.0' ],
56 silly audit   ignore: [ '7.0.5', '5.3.2' ],
56 silly audit   '@typescript-eslint/parser': [ '8.52.0' ],
56 silly audit   '@typescript-eslint/project-service': [ '8.52.0' ],
56 silly audit   '@typescript-eslint/scope-manager': [ '8.52.0' ],
56 silly audit   '@typescript-eslint/tsconfig-utils': [ '8.52.0' ],
56 silly audit   '@typescript-eslint/type-utils': [ '8.52.0' ],
56 silly audit   '@typescript-eslint/types': [ '8.52.0' ],
56 silly audit   '@typescript-eslint/typescript-estree': [ '8.52.0' ],
56 silly audit   'brace-expansion': [ '2.0.2', '1.1.12' ],
56 silly audit   minimatch: [ '9.0.5', '3.1.2' ],
56 silly audit   semver: [ '7.7.3', '6.3.1' ],
56 silly audit   '@typescript-eslint/utils': [ '8.52.0' ],
56 silly audit   '@typescript-eslint/visitor-keys': [ '8.52.0' ],
56 silly audit   '@unrs/resolver-binding-android-arm-eabi': [ '1.11.1' ],
56 silly audit   '@unrs/resolver-binding-android-arm64': [ '1.11.1' ],
56 silly audit   '@unrs/resolver-binding-darwin-arm64': [ '1.11.1' ],
56 silly audit   '@unrs/resolver-binding-darwin-x64': [ '1.11.1' ],
56 silly audit   '@unrs/resolver-binding-freebsd-x64': [ '1.11.1' ],
56 silly audit   '@unrs/resolver-binding-linux-arm-gnueabihf': [ '1.11.1' ],
56 silly audit   '@unrs/resolver-binding-linux-arm-musleabihf': [ '1.11.1' ],
56 silly audit   '@unrs/resolver-binding-linux-arm64-gnu': [ '1.11.1' ],
56 silly audit   '@unrs/resolver-binding-linux-arm64-musl': [ '1.11.1' ],
56 silly audit   '@unrs/resolver-binding-linux-ppc64-gnu': [ '1.11.1' ],
56 silly audit   '@unrs/resolver-binding-linux-riscv64-gnu': [ '1.11.1' ],
56 silly audit   '@unrs/resolver-binding-linux-riscv64-musl': [ '1.11.1' ],
56 silly audit   '@unrs/resolver-binding-linux-s390x-gnu': [ '1.11.1' ],
56 silly audit   '@unrs/resolver-binding-linux-x64-gnu': [ '1.11.1' ],
56 silly audit   '@unrs/resolver-binding-linux-x64-musl': [ '1.11.1' ],
56 silly audit   '@unrs/resolver-binding-wasm32-wasi': [ '1.11.1' ],
56 silly audit   '@unrs/resolver-binding-win32-arm64-msvc': [ '1.11.1' ],
56 silly audit   '@unrs/resolver-binding-win32-ia32-msvc': [ '1.11.1' ],
56 silly audit   '@unrs/resolver-binding-win32-x64-msvc': [ '1.11.1' ],
56 silly audit   acorn: [ '8.15.0' ],
56 silly audit   'acorn-jsx': [ '5.3.2' ],
56 silly audit   ajv: [ '6.12.6' ],
56 silly audit   'ansi-styles': [ '4.3.0' ],
56 silly audit   argparse: [ '2.0.1' ],
56 silly audit   'aria-query': [ '5.3.2' ],
56 silly audit   'array-buffer-byte-length': [ '1.0.2' ],
56 silly audit   'array-includes': [ '3.1.9' ],
56 silly audit   'array.prototype.findlast': [ '1.2.5' ],
56 silly audit   'array.prototype.findlastindex': [ '1.2.6' ],
56 silly audit   'array.prototype.flat': [ '1.3.3' ],
56 silly audit   'array.prototype.flatmap': [ '1.3.3' ],
56 silly audit   'array.prototype.tosorted': [ '1.1.4' ],
56 silly audit   'arraybuffer.prototype.slice': [ '1.0.4' ],
56 silly audit   'ast-types-flow': [ '0.0.8' ],
56 silly audit   'async-function': [ '1.0.0' ],
56 silly audit   asynckit: [ '0.4.0' ],
56 silly audit   'available-typed-arrays': [ '1.0.7' ],
56 silly audit   'axe-core': [ '4.11.1' ],
56 silly audit   axios: [ '1.13.2' ],
56 silly audit   'axobject-query': [ '4.1.0' ],
56 silly audit   'balanced-match': [ '1.0.2' ],
56 silly audit   'baseline-browser-mapping': [ '2.9.14' ],
56 silly audit   braces: [ '3.0.3' ],
56 silly audit   browserslist: [ '4.28.1' ],
56 silly audit   'call-bind': [ '1.0.8' ],
56 silly audit   'call-bind-apply-helpers': [ '1.0.2' ],
56 silly audit   'call-bound': [ '1.0.4' ],
56 silly audit   callsites: [ '3.1.0' ],
56 silly audit   'caniuse-lite': [ '1.0.30001764' ],
56 silly audit   chalk: [ '4.1.2' ],
56 silly audit   'class-variance-authority': [ '0.7.1' ],
56 silly audit   'client-only': [ '0.0.1' ],
56 silly audit   clsx: [ '2.1.1' ],
56 silly audit   'color-convert': [ '2.0.1' ],
56 silly audit   'color-name': [ '1.1.4' ],
56 silly audit   'combined-stream': [ '1.0.8' ],
56 silly audit   'concat-map': [ '0.0.1' ],
56 silly audit   'convert-source-map': [ '2.0.0' ],
56 silly audit   'cross-spawn': [ '7.0.6' ],
56 silly audit   csstype: [ '3.2.3' ],
56 silly audit   'damerau-levenshtein': [ '1.0.8' ],
56 silly audit   'data-view-buffer': [ '1.0.2' ],
56 silly audit   'data-view-byte-length': [ '1.0.2' ],
56 silly audit   'data-view-byte-offset': [ '1.0.1' ],
56 silly audit   debug: [ '4.4.3', '3.2.7' ],
56 silly audit   'deep-is': [ '0.1.4' ],
56 silly audit   'define-data-property': [ '1.1.4' ],
56 silly audit   'define-properties': [ '1.2.1' ],
56 silly audit   'delayed-stream': [ '1.0.0' ],
56 silly audit   'detect-libc': [ '2.1.2' ],
56 silly audit   doctrine: [ '2.1.0' ],
56 silly audit   'dunder-proto': [ '1.0.1' ],
56 silly audit   'electron-to-chromium': [ '1.5.267' ],
56 silly audit   'emoji-regex': [ '9.2.2' ],
56 silly audit   'enhanced-resolve': [ '5.18.4' ],
56 silly audit   'es-abstract': [ '1.24.1' ],
56 silly audit   'es-define-property': [ '1.0.1' ],
56 silly audit   'es-errors': [ '1.3.0' ],
56 silly audit   'es-iterator-helpers': [ '1.2.2' ],
56 silly audit   'es-object-atoms': [ '1.1.1' ],
56 silly audit   'es-set-tostringtag': [ '2.1.0' ],
56 silly audit   'es-shim-unscopables': [ '1.1.0' ],
56 silly audit   'es-to-primitive': [ '1.3.0' ],
56 silly audit   escalade: [ '3.2.0' ],
56 silly audit   'escape-string-regexp': [ '4.0.0' ],
56 silly audit   eslint: [ '9.39.2' ],
56 silly audit   'eslint-config-next': [ '16.1.1' ],
56 silly audit   globals: [ '16.4.0', '14.0.0' ],
56 silly audit   'eslint-import-resolver-node': [ '0.3.9' ],
56 silly audit   'eslint-import-resolver-typescript': [ '3.10.1' ],
56 silly audit   'eslint-module-utils': [ '2.12.1' ],
56 silly audit   'eslint-plugin-import': [ '2.32.0' ],
56 silly audit   'eslint-plugin-jsx-a11y': [ '6.10.2' ],
56 silly audit   'eslint-plugin-react': [ '7.37.5' ],
56 silly audit   'eslint-plugin-react-hooks': [ '7.0.1' ],
56 silly audit   resolve: [ '2.0.0-next.5', '1.22.11' ],
56 silly audit   'eslint-scope': [ '8.4.0' ],
56 silly audit   espree: [ '10.4.0' ],
56 silly audit   esquery: [ '1.7.0' ],
56 silly audit   esrecurse: [ '4.3.0' ],
56 silly audit   estraverse: [ '5.3.0' ],
56 silly audit   esutils: [ '2.0.3' ],
56 silly audit   'fast-deep-equal': [ '3.1.3' ],
56 silly audit   'fast-glob': [ '3.3.1' ],
56 silly audit   'glob-parent': [ '5.1.2', '6.0.2' ],
56 silly audit   'fast-json-stable-stringify': [ '2.1.0' ],
56 silly audit   'fast-levenshtein': [ '2.0.6' ],
56 silly audit   fastq: [ '1.20.1' ],
56 silly audit   'file-entry-cache': [ '8.0.0' ],
56 silly audit   'fill-range': [ '7.1.1' ],
56 silly audit   'find-up': [ '5.0.0' ],
56 silly audit   'flat-cache': [ '4.0.1' ],
56 silly audit   flatted: [ '3.3.3' ],
56 silly audit   'follow-redirects': [ '1.15.11' ],
56 silly audit   'for-each': [ '0.3.5' ],
56 silly audit   'form-data': [ '4.0.5' ],
56 silly audit   'function-bind': [ '1.1.2' ],
56 silly audit   'function.prototype.name': [ '1.1.8' ],
56 silly audit   'functions-have-names': [ '1.2.3' ],
56 silly audit   'generator-function': [ '2.0.1' ],
56 silly audit   gensync: [ '1.0.0-beta.2' ],
56 silly audit   'get-intrinsic': [ '1.3.0' ],
56 silly audit   'get-proto': [ '1.0.1' ],
56 silly audit   'get-symbol-description': [ '1.1.0' ],
56 silly audit   'get-tsconfig': [ '4.13.0' ],
56 silly audit   globalthis: [ '1.0.4' ],
56 silly audit   gopd: [ '1.2.0' ],
56 silly audit   'graceful-fs': [ '4.2.11' ],
56 silly audit   'has-bigints': [ '1.1.0' ],
56 silly audit   'has-flag': [ '4.0.0' ],
56 silly audit   'has-property-descriptors': [ '1.0.2' ],
56 silly audit   'has-proto': [ '1.2.0' ],
56 silly audit   'has-symbols': [ '1.1.0' ],
56 silly audit   'has-tostringtag': [ '1.0.2' ],
56 silly audit   hasown: [ '2.0.2' ],
56 silly audit   'hermes-estree': [ '0.25.1' ],
56 silly audit   'hermes-parser': [ '0.25.1' ],
56 silly audit   'import-fresh': [ '3.3.1' ],
56 silly audit   imurmurhash: [ '0.1.4' ],
56 silly audit   'internal-slot': [ '1.1.0' ],
56 silly audit   'is-array-buffer': [ '3.0.5' ],
56 silly audit   'is-async-function': [ '2.1.1' ],
56 silly audit   'is-bigint': [ '1.1.0' ],
56 silly audit   'is-boolean-object': [ '1.2.2' ],
56 silly audit   'is-bun-module': [ '2.0.0' ],
56 silly audit   'is-callable': [ '1.2.7' ],
56 silly audit   'is-core-module': [ '2.16.1' ],
56 silly audit   'is-data-view': [ '1.0.2' ],
56 silly audit   'is-date-object': [ '1.1.0' ],
56 silly audit   'is-extglob': [ '2.1.1' ],
56 silly audit   'is-finalizationregistry': [ '1.1.1' ],
56 silly audit   'is-generator-function': [ '1.1.2' ],
56 silly audit   'is-glob': [ '4.0.3' ],
56 silly audit   'is-map': [ '2.0.3' ],
56 silly audit   'is-negative-zero': [ '2.0.3' ],
56 silly audit   'is-number': [ '7.0.0' ],
56 silly audit   'is-number-object': [ '1.1.1' ],
56 silly audit   'is-regex': [ '1.2.1' ],
56 silly audit   'is-set': [ '2.0.3' ],
56 silly audit   'is-shared-array-buffer': [ '1.0.4' ],
56 silly audit   'is-string': [ '1.1.1' ],
56 silly audit   'is-symbol': [ '1.1.1' ],
56 silly audit   'is-typed-array': [ '1.1.15' ],
56 silly audit   'is-weakmap': [ '2.0.2' ],
56 silly audit   'is-weakref': [ '1.1.1' ],
56 silly audit   'is-weakset': [ '2.0.4' ],
56 silly audit   isarray: [ '2.0.5' ],
56 silly audit   isexe: [ '2.0.0' ],
56 silly audit   'iterator.prototype': [ '1.1.5' ],
56 silly audit   jiti: [ '2.6.1' ],
56 silly audit   'js-tokens': [ '4.0.0' ],
56 silly audit   'js-yaml': [ '4.1.1' ],
56 silly audit   jsesc: [ '3.1.0' ],
56 silly audit   'json-buffer': [ '3.0.1' ],
56 silly audit   'json-schema-traverse': [ '0.4.1' ],
56 silly audit   'json-stable-stringify-without-jsonify': [ '1.0.1' ],
56 silly audit   json5: [ '2.2.3', '1.0.2' ],
56 silly audit   'jsx-ast-utils': [ '3.3.5' ],
56 silly audit   'jwt-decode': [ '4.0.0' ],
56 silly audit   keyv: [ '4.5.4' ],
56 silly audit   'language-subtag-registry': [ '0.3.23' ],
56 silly audit   'language-tags': [ '1.0.9' ],
56 silly audit   levn: [ '0.4.1' ],
56 silly audit   lightningcss: [ '1.30.2' ],
56 silly audit   'lightningcss-android-arm64': [ '1.30.2' ],
56 silly audit   'lightningcss-darwin-arm64': [ '1.30.2' ],
56 silly audit   'lightningcss-darwin-x64': [ '1.30.2' ],
56 silly audit   'lightningcss-freebsd-x64': [ '1.30.2' ],
56 silly audit   'lightningcss-linux-arm-gnueabihf': [ '1.30.2' ],
56 silly audit   'lightningcss-linux-arm64-gnu': [ '1.30.2' ],
56 silly audit   'lightningcss-linux-arm64-musl': [ '1.30.2' ],
56 silly audit   'lightningcss-linux-x64-gnu': [ '1.30.2' ],
56 silly audit   'lightningcss-linux-x64-musl': [ '1.30.2' ],
56 silly audit   'lightningcss-win32-arm64-msvc': [ '1.30.2' ],
56 silly audit   'lightningcss-win32-x64-msvc': [ '1.30.2' ],
56 silly audit   'locate-path': [ '6.0.0' ],
56 silly audit   'lodash.merge': [ '4.6.2' ],
56 silly audit   'loose-envify': [ '1.4.0' ],
56 silly audit   'lru-cache': [ '5.1.1' ],
56 silly audit   'lucide-react': [ '0.562.0' ],
56 silly audit   'magic-string': [ '0.30.21' ],
56 silly audit   'math-intrinsics': [ '1.1.0' ],
56 silly audit   merge2: [ '1.4.1' ],
56 silly audit   micromatch: [ '4.0.8' ],
56 silly audit   'mime-db': [ '1.52.0' ],
56 silly audit   'mime-types': [ '2.1.35' ],
56 silly audit   minimist: [ '1.2.8' ],
56 silly audit   ms: [ '2.1.3' ],
56 silly audit   nanoid: [ '3.3.11' ],
56 silly audit   'napi-postinstall': [ '0.3.4' ],
56 silly audit   'natural-compare': [ '1.4.0' ],
56 silly audit   next: [ '16.1.1' ],
56 silly audit   'next-themes': [ '0.4.6' ],
56 silly audit   postcss: [ '8.4.31', '8.5.6' ],
56 silly audit   'node-releases': [ '2.0.27' ],
56 silly audit   'object-assign': [ '4.1.1' ],
56 silly audit   'object-inspect': [ '1.13.4' ],
56 silly audit   'object-keys': [ '1.1.1' ],
56 silly audit   'object.assign': [ '4.1.7' ],
56 silly audit   'object.entries': [ '1.1.9' ],
56 silly audit   'object.fromentries': [ '2.0.8' ],
56 silly audit   'object.groupby': [ '1.0.3' ],
56 silly audit   'object.values': [ '1.2.1' ],
56 silly audit   optionator: [ '0.9.4' ],
56 silly audit   'own-keys': [ '1.0.1' ],
56 silly audit   'p-limit': [ '3.1.0' ],
56 silly audit   'p-locate': [ '5.0.0' ],
56 silly audit   'parent-module': [ '1.0.1' ],
56 silly audit   'path-exists': [ '4.0.0' ],
56 silly audit   'path-key': [ '3.1.1' ],
56 silly audit   'path-parse': [ '1.0.7' ],
56 silly audit   picocolors: [ '1.1.1' ],
56 silly audit   picomatch: [ '2.3.1', '4.0.3' ],
56 silly audit   'possible-typed-array-names': [ '1.1.0' ],
56 silly audit   'prelude-ls': [ '1.2.1' ],
56 silly audit   'prop-types': [ '15.8.1' ],
56 silly audit   'proxy-from-env': [ '1.1.0' ],
56 silly audit   punycode: [ '2.3.1' ],
56 silly audit   'queue-microtask': [ '1.2.3' ],
56 silly audit   react: [ '19.2.3' ],
56 silly audit   'react-dom': [ '19.2.3' ],
56 silly audit   'react-icons': [ '5.5.0' ],
56 silly audit   'react-is': [ '16.13.1' ],
56 silly audit   'react-spinners': [ '0.17.0' ],
56 silly audit   'reflect.getprototypeof': [ '1.0.10' ],
56 silly audit   'regexp.prototype.flags': [ '1.5.4' ],
56 silly audit   'resolve-from': [ '4.0.0' ],
56 silly audit   'resolve-pkg-maps': [ '1.0.0' ],
56 silly audit   reusify: [ '1.1.0' ],
56 silly audit   'run-parallel': [ '1.2.0' ],
56 silly audit   'safe-array-concat': [ '1.1.3' ],
56 silly audit   'safe-push-apply': [ '1.0.0' ],
56 silly audit   'safe-regex-test': [ '1.1.0' ],
56 silly audit   scheduler: [ '0.27.0' ],
56 silly audit   'set-function-length': [ '1.2.2' ],
56 silly audit   'set-function-name': [ '2.0.2' ],
56 silly audit   'set-proto': [ '1.0.0' ],
56 silly audit   sharp: [ '0.34.5' ],
56 silly audit   'shebang-command': [ '2.0.0' ],
56 silly audit   'shebang-regex': [ '3.0.0' ],
56 silly audit   'side-channel': [ '1.1.0' ],
56 silly audit   'side-channel-list': [ '1.0.0' ],
56 silly audit   'side-channel-map': [ '1.0.1' ],
56 silly audit   'side-channel-weakmap': [ '1.0.2' ],
56 silly audit   sonner: [ '2.0.7' ],
56 silly audit   'source-map-js': [ '1.2.1' ],
56 silly audit   'stable-hash': [ '0.0.5' ],
56 silly audit   'stop-iteration-iterator': [ '1.1.0' ],
56 silly audit   'string.prototype.includes': [ '2.0.1' ],
56 silly audit   'string.prototype.matchall': [ '4.0.12' ],
56 silly audit   'string.prototype.repeat': [ '1.0.0' ],
56 silly audit   'string.prototype.trim': [ '1.2.10' ],
56 silly audit   'string.prototype.trimend': [ '1.0.9' ],
56 silly audit   'string.prototype.trimstart': [ '1.0.8' ],
56 silly audit   'strip-bom': [ '3.0.0' ],
56 silly audit   'strip-json-comments': [ '3.1.1' ],
56 silly audit   'styled-jsx': [ '5.1.6' ],
56 silly audit   'supports-color': [ '7.2.0' ],
56 silly audit   'supports-preserve-symlinks-flag': [ '1.0.0' ],
56 silly audit   'tailwind-merge': [ '3.4.0' ],
56 silly audit   tailwindcss: [ '4.1.18' ],
56 silly audit   tapable: [ '2.3.0' ],
56 silly audit   tinyglobby: [ '0.2.15' ],
56 silly audit   fdir: [ '6.5.0' ],
56 silly audit   'to-regex-range': [ '5.0.1' ],
56 silly audit   'ts-api-utils': [ '2.4.0' ],
56 silly audit   'tsconfig-paths': [ '3.15.0' ],
56 silly audit   'tw-animate-css': [ '1.4.0' ],
56 silly audit   'type-check': [ '0.4.0' ],
56 silly audit   'typed-array-buffer': [ '1.0.3' ],
56 silly audit   'typed-array-byte-length': [ '1.0.3' ],
56 silly audit   'typed-array-byte-offset': [ '1.0.4' ],
56 silly audit   'typed-array-length': [ '1.0.7' ],
56 silly audit   typescript: [ '5.9.3' ],
56 silly audit   'typescript-eslint': [ '8.52.0' ],
56 silly audit   'unbox-primitive': [ '1.1.0' ],
56 silly audit   'undici-types': [ '6.21.0' ],
56 silly audit   'unrs-resolver': [ '1.11.1' ],
56 silly audit   'update-browserslist-db': [ '1.2.3' ],
56 silly audit   'uri-js': [ '4.4.1' ],
56 silly audit   which: [ '2.0.2' ],
56 silly audit   'which-boxed-primitive': [ '1.1.1' ],
56 silly audit   'which-builtin-type': [ '1.2.1' ],
56 silly audit   'which-collection': [ '1.0.2' ],
56 silly audit   'which-typed-array': [ '1.1.19' ],
56 silly audit   'word-wrap': [ '1.2.5' ],
56 silly audit   yallist: [ '3.1.1' ],
56 silly audit   'yocto-queue': [ '0.1.0' ],
56 silly audit   zod: [ '4.3.5' ],
56 silly audit   'zod-validation-error': [ '4.0.2' ],
56 silly audit   motion: [ '12.33.0' ],
56 silly audit   'framer-motion': [ '12.33.0' ],
56 silly audit   'motion-dom': [ '12.33.0' ],
56 silly audit   'motion-utils': [ '12.29.2' ]
56 silly audit }
57 http cache motion-utils@https://registry.npmjs.org/motion-utils/-/motion-utils-12.29.2.tgz 0ms (cache hit)
58 http cache motion-dom@https://registry.npmjs.org/motion-dom/-/motion-dom-12.33.0.tgz 0ms (cache hit)
59 http cache framer-motion@https://registry.npmjs.org/framer-motion/-/framer-motion-12.33.0.tgz 1ms (cache hit)
60 http cache motion@https://registry.npmjs.org/motion/-/motion-12.33.0.tgz 0ms (cache hit)
61 silly tarball no local data for motion-utils@https://registry.npmjs.org/motion-utils/-/motion-utils-12.29.2.tgz. Extracting by manifest.
62 silly tarball no local data for motion-dom@https://registry.npmjs.org/motion-dom/-/motion-dom-12.33.0.tgz. Extracting by manifest.
63 silly tarball no local data for framer-motion@https://registry.npmjs.org/framer-motion/-/framer-motion-12.33.0.tgz. Extracting by manifest.
64 silly tarball no local data for motion@https://registry.npmjs.org/motion/-/motion-12.33.0.tgz. Extracting by manifest.
65 http fetch POST 200 https://registry.npmjs.org/-/npm/v1/security/advisories/bulk 767ms
66 silly audit report {
66 silly audit report   next: [
66 silly audit report     {
66 silly audit report       id: 1112592,
66 silly audit report       url: 'https://github.com/advisories/GHSA-9g9p-9gw9-jx7f',
66 silly audit report       title: 'Next.js self-hosted applications vulnerable to DoS via Image Optimizer remotePatterns configuration',
66 silly audit report       severity: 'moderate',
66 silly audit report       vulnerable_versions: '>=15.6.0-canary.0 <16.1.5',
66 silly audit report       cwe: [Array],
66 silly audit report       cvss: [Object]
66 silly audit report     },
66 silly audit report     {
66 silly audit report       id: 1112645,
66 silly audit report       url: 'https://github.com/advisories/GHSA-h25m-26qc-wcjf',
66 silly audit report       title: 'Next.js HTTP request deserialization can lead to DoS when using insecure React Server Components',
66 silly audit report       severity: 'high',
66 silly audit report       vulnerable_versions: '>=16.1.0-canary.0 <16.1.5',
66 silly audit report       cwe: [Array],
66 silly audit report       cvss: [Object]
66 silly audit report     },
66 silly audit report     {
66 silly audit report       id: 1112990,
66 silly audit report       url: 'https://github.com/advisories/GHSA-5f7q-jpqc-wp7h',
66 silly audit report       title: 'Next.js has Unbounded Memory Consumption via PPR Resume Endpoint ',
66 silly audit report       severity: 'moderate',
66 silly audit report       vulnerable_versions: '>=16.0.0-beta.0 <16.1.5',
66 silly audit report       cwe: [Array],
66 silly audit report       cvss: [Object]
66 silly audit report     }
66 silly audit report   ]
66 silly audit report }
67 silly packumentCache corgi:https://registry.npmjs.org/next cache-miss
68 http fetch GET 200 https://registry.npmjs.org/motion/-/motion-12.33.0.tgz 12699ms (cache miss)
69 http fetch GET 200 https://registry.npmjs.org/motion-utils/-/motion-utils-12.29.2.tgz 66677ms (cache miss)
70 http fetch GET 200 https://registry.npmjs.org/next 88812ms (cache miss)
71 silly packumentCache corgi:https://registry.npmjs.org/next set size:undefined disposed:false
72 http fetch GET 200 https://registry.npmjs.org/framer-motion/-/framer-motion-12.33.0.tgz 124114ms (cache miss)
73 http fetch GET 200 https://registry.npmjs.org/motion-dom/-/motion-dom-12.33.0.tgz 128651ms (cache miss)
74 silly ADD node_modules/motion-utils
75 silly ADD node_modules/motion-dom
76 silly ADD node_modules/framer-motion
77 silly ADD node_modules/motion
78 verbose cwd H:\WebDev\Mune\frontend
79 verbose os Windows_NT 10.0.19045
80 verbose node v22.22.0
81 verbose npm  v11.6.4
82 verbose exit 0
83 info ok
